// Jest Snapshot v1, https://goo.gl/fbAQLP

exports[`Header: Header 1`] = `
Object {
  "asFragment": [Function],
  "baseElement": <body>
    <div>
      <header
        class="MuiPaper-root MuiAppBar-root MuiAppBar-positionSticky MuiAppBar-colorPrimary WithStyles(ForwardRef(AppBar))-root-1 WithStyles(ForwardRef(AppBar))-root-2 MuiPaper-elevation0"
      >
        <div
          class="MuiToolbar-root MuiToolbar-regular WithStyles(ForwardRef(Toolbar))-root-3 WithStyles(ForwardRef(Toolbar))-root-4"
        >
          <p
            class="MuiTypography-root WithStyles(ForwardRef(Typography))-root-7 HeaderTitle-root-5 HeaderTitle-root-6 MuiTypography-body1"
          >
            Menu
          </p>
          <button
            class="MuiButtonBase-root MuiIconButton-root WithStyles(ForwardRef(IconButton))-root-8 WithStyles(ForwardRef(IconButton))-root-9"
            icon="Search"
            tabindex="0"
            type="button"
          >
            <span
              class="MuiIconButton-label"
            >
              <svg
                aria-hidden="true"
                class="MuiSvgIcon-root"
                focusable="false"
                variant="Search"
                viewBox="0 0 24 24"
              >
                <span />
              </svg>
            </span>
            <span
              class="MuiTouchRipple-root"
            />
          </button>
          <button
            class="MuiButtonBase-root MuiIconButton-root WithStyles(ForwardRef(IconButton))-root-8 WithStyles(ForwardRef(IconButton))-root-10 MuiIconButton-edgeEnd"
            icon="AddCircle"
            tabindex="0"
            type="button"
          >
            <span
              class="MuiIconButton-label"
            >
              <svg
                aria-hidden="true"
                class="MuiSvgIcon-root"
                focusable="false"
                variant="AddCircle"
                viewBox="0 0 24 24"
              >
                <span />
              </svg>
            </span>
            <span
              class="MuiTouchRipple-root"
            />
          </button>
        </div>
      </header>
    </div>
  </body>,
  "container": <div>
    <header
      class="MuiPaper-root MuiAppBar-root MuiAppBar-positionSticky MuiAppBar-colorPrimary WithStyles(ForwardRef(AppBar))-root-1 WithStyles(ForwardRef(AppBar))-root-2 MuiPaper-elevation0"
    >
      <div
        class="MuiToolbar-root MuiToolbar-regular WithStyles(ForwardRef(Toolbar))-root-3 WithStyles(ForwardRef(Toolbar))-root-4"
      >
        <p
          class="MuiTypography-root WithStyles(ForwardRef(Typography))-root-7 HeaderTitle-root-5 HeaderTitle-root-6 MuiTypography-body1"
        >
          Menu
        </p>
        <button
          class="MuiButtonBase-root MuiIconButton-root WithStyles(ForwardRef(IconButton))-root-8 WithStyles(ForwardRef(IconButton))-root-9"
          icon="Search"
          tabindex="0"
          type="button"
        >
          <span
            class="MuiIconButton-label"
          >
            <svg
              aria-hidden="true"
              class="MuiSvgIcon-root"
              focusable="false"
              variant="Search"
              viewBox="0 0 24 24"
            >
              <span />
            </svg>
          </span>
          <span
            class="MuiTouchRipple-root"
          />
        </button>
        <button
          class="MuiButtonBase-root MuiIconButton-root WithStyles(ForwardRef(IconButton))-root-8 WithStyles(ForwardRef(IconButton))-root-10 MuiIconButton-edgeEnd"
          icon="AddCircle"
          tabindex="0"
          type="button"
        >
          <span
            class="MuiIconButton-label"
          >
            <svg
              aria-hidden="true"
              class="MuiSvgIcon-root"
              focusable="false"
              variant="AddCircle"
              viewBox="0 0 24 24"
            >
              <span />
            </svg>
          </span>
          <span
            class="MuiTouchRipple-root"
          />
        </button>
      </div>
    </header>
  </div>,
  "debug": [Function],
  "findAllByAltText": [Function],
  "findAllByDisplayValue": [Function],
  "findAllByLabelText": [Function],
  "findAllByPlaceholderText": [Function],
  "findAllByRole": [Function],
  "findAllByTestId": [Function],
  "findAllByText": [Function],
  "findAllByTitle": [Function],
  "findByAltText": [Function],
  "findByDisplayValue": [Function],
  "findByLabelText": [Function],
  "findByPlaceholderText": [Function],
  "findByRole": [Function],
  "findByTestId": [Function],
  "findByText": [Function],
  "findByTitle": [Function],
  "getAllByAltText": [Function],
  "getAllByDisplayValue": [Function],
  "getAllByLabelText": [Function],
  "getAllByPlaceholderText": [Function],
  "getAllByRole": [Function],
  "getAllByTestId": [Function],
  "getAllByText": [Function],
  "getAllByTitle": [Function],
  "getByAltText": [Function],
  "getByDisplayValue": [Function],
  "getByLabelText": [Function],
  "getByPlaceholderText": [Function],
  "getByRole": [Function],
  "getByTestId": [Function],
  "getByText": [Function],
  "getByTitle": [Function],
  "queryAllByAltText": [Function],
  "queryAllByDisplayValue": [Function],
  "queryAllByLabelText": [Function],
  "queryAllByPlaceholderText": [Function],
  "queryAllByRole": [Function],
  "queryAllByTestId": [Function],
  "queryAllByText": [Function],
  "queryAllByTitle": [Function],
  "queryByAltText": [Function],
  "queryByDisplayValue": [Function],
  "queryByLabelText": [Function],
  "queryByPlaceholderText": [Function],
  "queryByRole": [Function],
  "queryByTestId": [Function],
  "queryByText": [Function],
  "queryByTitle": [Function],
  "rerender": [Function],
  "unmount": [Function],
}
`;
